============================= test session starts =============================
platform win32 -- Python 3.10.11, pytest-8.3.3, pluggy-1.5.0
rootdir: C:\Users\Asus\OneDrive\Desktop\Library_Management_System
collected 4 items

test_library.py ....                                                     [100%]

============================== 4 passed in 0.05s ==============================
